Traceback (most recent call last):
  File "/Users/oskarhallatschek/anaconda3/lib/python3.10/site-packages/jupyter_cache/executors/utils.py", line 58, in single_nb_execution
    executenb(
  File "/Users/oskarhallatschek/anaconda3/lib/python3.10/site-packages/nbclient/client.py", line 1204, in execute
    return NotebookClient(nb=nb, resources=resources, km=km, **kwargs).execute()
  File "/Users/oskarhallatschek/anaconda3/lib/python3.10/site-packages/nbclient/util.py", line 84, in wrapped
    return just_run(coro(*args, **kwargs))
  File "/Users/oskarhallatschek/anaconda3/lib/python3.10/site-packages/nbclient/util.py", line 62, in just_run
    return loop.run_until_complete(coro)
  File "/Users/oskarhallatschek/anaconda3/lib/python3.10/asyncio/base_events.py", line 649, in run_until_complete
    return future.result()
  File "/Users/oskarhallatschek/anaconda3/lib/python3.10/site-packages/nbclient/client.py", line 663, in async_execute
    await self.async_execute_cell(
  File "/Users/oskarhallatschek/anaconda3/lib/python3.10/site-packages/nbclient/client.py", line 965, in async_execute_cell
    await self._check_raise_for_error(cell, cell_index, exec_reply)
  File "/Users/oskarhallatschek/anaconda3/lib/python3.10/site-packages/nbclient/client.py", line 862, in _check_raise_for_error
    raise CellExecutionError.from_cell_and_msg(cell, exec_reply_content)
nbclient.exceptions.CellExecutionError: An error occurred while executing the following cell:
------------------
# PyTorch (install if needed): pip install torch
try:
    import torch
    import torch.nn as nn
    import torch.nn.functional as F
except Exception as e:
    raise RuntimeError(
        "PyTorch is required for the learning part. "
        "Install with `pip install torch` (CPU build is fine). "
        f"Import error: {e}"
    )

device = torch.device("cuda" if torch.cuda.is_available() else "cpu")
device

------------------

[0;31m---------------------------------------------------------------------------[0m
[0;31mModuleNotFoundError[0m                       Traceback (most recent call last)
Cell [0;32mIn[4], line 3[0m
[1;32m      2[0m [38;5;28;01mtry[39;00m:
[0;32m----> 3[0m     [38;5;28;01mimport[39;00m [38;5;21;01mtorch[39;00m
[1;32m      4[0m     [38;5;28;01mimport[39;00m [38;5;21;01mtorch[39;00m[38;5;21;01m.[39;00m[38;5;21;01mnn[39;00m [38;5;28;01mas[39;00m [38;5;21;01mnn[39;00m

[0;31mModuleNotFoundError[0m: No module named 'torch'

During handling of the above exception, another exception occurred:

[0;31mRuntimeError[0m                              Traceback (most recent call last)
Cell [0;32mIn[4], line 7[0m
[1;32m      5[0m     [38;5;28;01mimport[39;00m [38;5;21;01mtorch[39;00m[38;5;21;01m.[39;00m[38;5;21;01mnn[39;00m[38;5;21;01m.[39;00m[38;5;21;01mfunctional[39;00m [38;5;28;01mas[39;00m [38;5;21;01mF[39;00m
[1;32m      6[0m [38;5;28;01mexcept[39;00m [38;5;167;01mException[39;00m [38;5;28;01mas[39;00m e:
[0;32m----> 7[0m     [38;5;28;01mraise[39;00m [38;5;167;01mRuntimeError[39;00m(
[1;32m      8[0m         [38;5;124m"[39m[38;5;124mPyTorch is required for the learning part. [39m[38;5;124m"[39m
[1;32m      9[0m         [38;5;124m"[39m[38;5;124mInstall with `pip install torch` (CPU build is fine). [39m[38;5;124m"[39m
[1;32m     10[0m         [38;5;124mf[39m[38;5;124m"[39m[38;5;124mImport error: [39m[38;5;132;01m{[39;00me[38;5;132;01m}[39;00m[38;5;124m"[39m
[1;32m     11[0m     )
[1;32m     13[0m device [38;5;241m=[39m torch[38;5;241m.[39mdevice([38;5;124m"[39m[38;5;124mcuda[39m[38;5;124m"[39m [38;5;28;01mif[39;00m torch[38;5;241m.[39mcuda[38;5;241m.[39mis_available() [38;5;28;01melse[39;00m [38;5;124m"[39m[38;5;124mcpu[39m[38;5;124m"[39m)
[1;32m     14[0m device

[0;31mRuntimeError[0m: PyTorch is required for the learning part. Install with `pip install torch` (CPU build is fine). Import error: No module named 'torch'
RuntimeError: PyTorch is required for the learning part. Install with `pip install torch` (CPU build is fine). Import error: No module named 'torch'

