Traceback (most recent call last):
  File "/Users/oskarhallatschek/anaconda3/lib/python3.10/site-packages/jupyter_cache/executors/utils.py", line 58, in single_nb_execution
    executenb(
  File "/Users/oskarhallatschek/anaconda3/lib/python3.10/site-packages/nbclient/client.py", line 1204, in execute
    return NotebookClient(nb=nb, resources=resources, km=km, **kwargs).execute()
  File "/Users/oskarhallatschek/anaconda3/lib/python3.10/site-packages/nbclient/util.py", line 84, in wrapped
    return just_run(coro(*args, **kwargs))
  File "/Users/oskarhallatschek/anaconda3/lib/python3.10/site-packages/nbclient/util.py", line 62, in just_run
    return loop.run_until_complete(coro)
  File "/Users/oskarhallatschek/anaconda3/lib/python3.10/asyncio/base_events.py", line 649, in run_until_complete
    return future.result()
  File "/Users/oskarhallatschek/anaconda3/lib/python3.10/site-packages/nbclient/client.py", line 663, in async_execute
    await self.async_execute_cell(
  File "/Users/oskarhallatschek/anaconda3/lib/python3.10/site-packages/nbclient/client.py", line 965, in async_execute_cell
    await self._check_raise_for_error(cell, cell_index, exec_reply)
  File "/Users/oskarhallatschek/anaconda3/lib/python3.10/site-packages/nbclient/client.py", line 862, in _check_raise_for_error
    raise CellExecutionError.from_cell_and_msg(cell, exec_reply_content)
nbclient.exceptions.CellExecutionError: An error occurred while executing the following cell:
------------------
The procedure above is called "Non-Dimensionalizing" and has three benefits. 


```{note} **Non-Dimensionalizing equations**
- **Revealing characteristic scales:** Each remaining "tilde" variable is just a number and represents the original variable in units of its characteristic scale: $\tilde \psi$ measures $\psi$ in units of the characteristic pressure $P_0 =2 k_B T/\Omega_{ex}$. Without doing anything further, we know that the problem will depend on how the pressure relates to this characteristic pressure. The density is measured in units of its characteristic density $2/\Omega_{ex}$, which is the maximal density possible with hard core interactions. etc.

- **Simplification:** the process has uncovered that $\tilde \psi$ really is just a function of three independent control parameters, $\tilde u$, $\tilde mu$ and $\tilde n$. The parameter temperature could be fully absorbed in one of the other effective parameters.
  
- **Plotting:** Thirdly, because the remaining formula relates numbers to numbers, we can directly produce plots to get a sense of the behavior of $\tilde \psi$, without worrying about what units we should put on the different axis: Each effective parameter should be studied for values much smaller and much larger than 1.
```


Now, let's maximize $\tilde \psi$ w.r.t. our variational parameter $\tilde n$:

$$
\partial_{\tilde n} \tilde \psi=\ln \left({\tilde n}^{-1}-1\right) -\frac{1}{1-\tilde n } +\tilde \mu + \tilde u \tilde n= 0
$$ (maximizing-psi)

This has multiple $\tilde n$--solutions for a given $\tilde \mu$ (see below). 


#### Van der Waals equation of state

But for a given $\tilde n$, it has a single $\tilde \mu$ solution

$$
\tilde \mu=\frac{1}{1-\tilde n }-\tilde u \tilde n-\ln \left({\tilde n}^{-1}-1\right)
$$

Substituting this back into our approximation Eq. {eq}`non-dim-pressure`, we obtain an approximation of the pressure as a function of density,

$$
\frac{P}{P_0} \approx \tilde \psi_{\tilde u}[\tilde n,\tilde \mu] = \frac{\tilde n}{1-\tilde n}-\tilde u \frac{\tilde n^2}{2}
$$

Reinserting the original variables, we obtain 

$$
\left(P+u n^{2} / 2\right)(V-N \Omega_{ex}/ 2)=N k_{B} T \;,
$$

which is nothing but the van der Waals equation of state

$$
\left(P+a n^{2}\right)(V-b N)=N k_{B} T \;,
$$

with $a=u/2$ and $b=\Omega_{ex}/ 2$. This shows that the two phenomenological coefficients $a$ and $b$ of VdW have their origin in the mean field treatment of long-range attraction (a) and short-distance repulsion (b).

In terms of the molecular volume $v=n^{-1}$, we can also write

$$
P=\frac{k_B T}{v-b}-\frac{a}{v^2}
$$

showing that effect of long-range interaction is to shift $P \rightarrow P-a n^2=P-a v^{-2}$ due to the average attraction $u n$ experienced by each particle (mean-field).
------------------

[0;36m  Cell [0;32mIn[1], line 1[0;36m[0m
[0;31m    The procedure above is called "Non-Dimensionalizing" and has three benefits.[0m
[0m        ^[0m
[0;31mSyntaxError[0m[0;31m:[0m invalid syntax

SyntaxError: invalid syntax (1325083739.py, line 1)

